11:30:01.343 [main] INFO  com.statnlp.util.GenericPipeline - [train]Total training time: 8.647s

11:30:01.348 [main] INFO  com.statnlp.util.GenericPipeline - [train]Writing model into test.model...
11:30:01.494 [main] WARN  com.statnlp.util.GenericPipeline - [train]Cannot save model to test.model
11:30:01.495 [main] WARN  com.statnlp.util.GenericPipeline - Throwing
java.io.NotSerializableException: com.statnlp.hybridnetworks.LocalNetworkLearnerThread
	at java.io.ObjectOutputStream.writeObject0(ObjectOutputStream.java:1184) ~[?:1.8.0_131]
	at java.io.ObjectOutputStream.writeArray(ObjectOutputStream.java:1378) ~[?:1.8.0_131]
	at java.io.ObjectOutputStream.writeObject0(ObjectOutputStream.java:1174) ~[?:1.8.0_131]
	at java.io.ObjectOutputStream.defaultWriteFields(ObjectOutputStream.java:1548) ~[?:1.8.0_131]
	at java.io.ObjectOutputStream.writeSerialData(ObjectOutputStream.java:1509) ~[?:1.8.0_131]
	at java.io.ObjectOutputStream.writeOrdinaryObject(ObjectOutputStream.java:1432) ~[?:1.8.0_131]
	at java.io.ObjectOutputStream.writeObject0(ObjectOutputStream.java:1178) ~[?:1.8.0_131]
	at java.io.ObjectOutputStream.defaultWriteFields(ObjectOutputStream.java:1548) ~[?:1.8.0_131]
	at java.io.ObjectOutputStream.writeSerialData(ObjectOutputStream.java:1509) ~[?:1.8.0_131]
	at java.io.ObjectOutputStream.writeOrdinaryObject(ObjectOutputStream.java:1432) ~[?:1.8.0_131]
	at java.io.ObjectOutputStream.writeObject0(ObjectOutputStream.java:1178) ~[?:1.8.0_131]
	at java.io.ObjectOutputStream.writeObject(ObjectOutputStream.java:348) ~[?:1.8.0_131]
	at com.statnlp.util.GenericPipeline.saveModel(GenericPipeline.java:433) ~[classes/:?]
	at com.statnlp.util.Pipeline.SaveModel(Pipeline.java:1311) ~[classes/:?]
	at com.statnlp.util.Pipeline.Train(Pipeline.java:1260) ~[classes/:?]
	at com.statnlp.util.Pipeline.execute(Pipeline.java:1463) [classes/:?]
	at com.statnlp.example.LinearCRFMain.runPipeline(LinearCRFMain.java:67) [test-classes/:?]
	at com.statnlp.example.LinearCRFMain.main(LinearCRFMain.java:42) [test-classes/:?]
11:30:01.501 [main] INFO  com.statnlp.util.GenericPipeline - [test]Model already loaded, using loaded model.
11:30:21.195 [main] INFO  com.statnlp.util.GenericPipeline - [test]Total testing time: 19.574s

11:30:21.201 [main] INFO  com.statnlp.util.Pipeline - Total execution time: 28.787s
